[Profile] v4: buckets=True  bitcrush=(0.02, 0.05)  level=(-50.0, -14.0) dBFS
  TTS pool cache loaded: cache\tts_pools.pkl (kw=333, conf=1578, filler=1032)
  filler bases: 1032
  keyword bases cached for evaluation: keyword_bases.npy
[NoiseBank] 4191 clips across 80 classes
[SpeechBank] 2703 LibriSpeech flacs, 0 Speech Commands wavs

[Build] 14,000 positives + 28,000 negatives across 12 chunks on 3 workers
  chunk 1/12 done
  chunk 2/12 done
  chunk 3/12 done
  chunk 4/12 done
  chunk 5/12 done
  chunk 6/12 done
  chunk 7/12 done
  chunk 8/12 done
  chunk 9/12 done
  chunk 10/12 done
  chunk 11/12 done
  chunk 12/12 done

[Split] train=33,602  val=8,398  X dtype float16
  positives: 14,004   negatives: 27,996
  bucket                       |        n |  share | loss w |         lvl dBFS
  P0_word_direct               |    1,455 |   3.5% |   1.00 |   -50.1..-12.9
  P1_word_one_noise            |    5,613 |  13.4% |   1.15 |   -50.2..-12.6
  P2_word_two_noise            |    3,851 |   9.2% |   1.25 |   -50.4..-13.2
  P3_word_two_noise_hard       |    3,085 |   7.3% |   1.30 |   -54.0..-13.3
  N0_filler_direct             |    1,441 |   3.4% |   0.80 |   -50.4..-12.9
  N1_filler_one_noise          |    1,411 |   3.4% |   0.90 |   -50.1..-13.1
  N2_filler_two_noise          |    1,112 |   2.6% |   1.00 |   -50.4..-14.1
  N3_filler_two_noise_hard     |      842 |   2.0% |   1.10 |   -53.1..-13.0
  N4_real_direct               |    1,387 |   3.3% |   0.90 |   -50.5..-13.4
  N5_real_one_noise            |    1,621 |   3.9% |   1.00 |   -55.2..-13.0
  N6_real_two_noise            |    1,126 |   2.7% |   1.10 |   -50.2..-12.8
  N7_real_two_noise_hard       |      813 |   1.9% |   1.20 |   -50.9..-13.6
  N8_babble_direct             |    1,062 |   2.5% |   1.00 |   -50.2..-13.0
  N9_babble_one_noise          |    1,692 |   4.0% |   1.10 |   -51.8..-13.6
  N10_babble_two_noise         |    1,395 |   3.3% |   1.20 |   -50.3..-13.5
  N11_babble_two_noise_hard    |    1,684 |   4.0% |   1.30 |   -53.6..-13.7
  N12_noise_direct             |    2,816 |   6.7% |   0.90 |  -130.7..-12.5
  N13_noise_one_noise          |    3,405 |   8.1% |   1.00 |  -115.5..-12.8
  N14_noise_two_noise          |    1,420 |   3.4% |   1.00 |   -55.1..-13.2
  N15_noise_two_noise_hard     |      842 |   2.0% |   1.10 |   -51.3..-13.0
  N16_confus_direct            |      833 |   2.0% |   1.00 |   -50.2..-13.2
  N17_confus_one_noise         |    1,418 |   3.4% |   1.10 |   -50.1..-12.9
  N18_confus_two_noise         |    1,112 |   2.6% |   1.10 |   -50.0..-13.0
  N19_confus_two_noise_hard    |      564 |   1.3% |   1.20 |   -50.5..-13.6
  file: dataset_v6.npz  (134.9 MB)
  elapsed: 104.1s
CORPUS_EXIT=0 
ALLDONE 
