[Profile] v4: buckets=True  bitcrush=(0.02, 0.05)  level=(-50.0, -14.0) dBFS

[Synthesis] Building keyword, filler and confusable waveform pools...
  human keyword windows: 0
  keyword bases: 555  confusable/command bases: 1578
  TTS pool cache written: cache\tts_pools.pkl (382.0 MB)
  filler bases: 1032
  keyword bases cached for evaluation: keyword_bases.npy
[NoiseBank] 4191 clips across 80 classes
[SpeechBank] 2703 LibriSpeech flacs, 0 Speech Commands wavs

[Build] 40,000 positives + 80,000 negatives across 12 chunks on 3 workers
  chunk 1/12 done
  chunk 2/12 done
  chunk 3/12 done
  chunk 4/12 done
  chunk 5/12 done
  chunk 6/12 done
  chunk 7/12 done
  chunk 8/12 done
  chunk 9/12 done
  chunk 10/12 done
  chunk 11/12 done
  chunk 12/12 done

[Split] train=96,000  val=24,000  X dtype float16
  positives: 39,996   negatives: 80,004
  bucket                       |        n |  share | loss w |         lvl dBFS
  P0_word_direct               |    4,088 |   3.4% |   1.00 |   -50.2..-12.7
  P1_word_one_noise            |   15,960 |  13.3% |   1.15 |   -50.6..-12.2
  P2_word_two_noise            |   11,142 |   9.3% |   1.25 |   -51.9..-12.8
  P3_word_two_noise_hard       |    8,806 |   7.3% |   1.30 |   -53.2..-12.8
  N0_filler_direct             |    4,109 |   3.4% |   0.80 |   -50.0..-13.3
  N1_filler_one_noise          |    3,970 |   3.3% |   0.90 |   -50.1..-12.6
  N2_filler_two_noise          |    3,062 |   2.6% |   1.00 |   -50.5..-12.8
  N3_filler_two_noise_hard     |    2,382 |   2.0% |   1.10 |   -51.8..-12.9
  N4_real_direct               |    4,042 |   3.4% |   0.90 |   -51.0..-12.7
  N5_real_one_noise            |    4,769 |   4.0% |   1.00 |   -52.0..-12.9
  N6_real_two_noise            |    3,118 |   2.6% |   1.10 |   -54.4..-12.7
  N7_real_two_noise_hard       |    2,337 |   1.9% |   1.20 |   -51.5..-13.1
  N8_babble_direct             |    3,164 |   2.6% |   1.00 |   -50.7..-13.5
  N9_babble_one_noise          |    4,892 |   4.1% |   1.10 |   -53.0..-13.0
  N10_babble_two_noise         |    4,107 |   3.4% |   1.20 |   -51.0..-13.0
  N11_babble_two_noise_hard    |    4,778 |   4.0% |   1.30 |   -55.5..-13.2
  N12_noise_direct             |    7,908 |   6.6% |   0.90 |  -131.8..-12.7
  N13_noise_one_noise          |    9,745 |   8.1% |   1.00 |  -132.5..-12.2
  N14_noise_two_noise          |    3,923 |   3.3% |   1.00 |  -122.9..-13.1
  N15_noise_two_noise_hard     |    2,349 |   2.0% |   1.10 |   -72.0..-13.1
  N16_confus_direct            |    2,399 |   2.0% |   1.00 |   -50.0..-13.1
  N17_confus_one_noise         |    4,023 |   3.4% |   1.10 |   -50.3..-12.6
  N18_confus_two_noise         |    3,341 |   2.8% |   1.10 |   -50.8..-13.0
  N19_confus_two_noise_hard    |    1,586 |   1.3% |   1.20 |   -53.3..-13.4
  file: dataset_v8_accent.npz  (385.6 MB)
  elapsed: 625.3s
CORPUS_EXIT=0 
ALLDONE 
