==============================================================================
data dataset_v8_accent.npz  arch m1_e_t24  epochs 40 batch 256  device cuda
  GPU: NVIDIA GeForce RTX 4050 Laptop GPU  VRAM 6.0 GB
==============================================================================
train (96000, 49, 40, 1) float16  pos 31,997 neg 64,003
val   (24000, 49, 40, 1) float16  pos 7,999 neg 16,001
buckets: 24 distinct
m1_e_t24: 63,655 params  2,237,200.0 MAC  floor 0.583 ms  (19.1x headroom in 11.11 ms)

ep  0  loss 0.9302  auc 0.7714  tpr@0.500% 0.0414  thr 0.9671  acc 0.6772  offset-recall 0.0299
ep  1  loss 0.2857  auc 0.8770  tpr@0.500% 0.0615  thr 0.7827  acc 0.6839  offset-recall 0.0230
ep  2  loss 0.1894  auc 0.9064  tpr@0.500% 0.0770  thr 0.7791  acc 0.6890  offset-recall 0.0176
ep  3  loss 0.1713  auc 0.9276  tpr@0.500% 0.1546  thr 0.8218  acc 0.7149  offset-recall 0.0540
ep  4  loss 0.1626  auc 0.9372  tpr@0.500% 0.1824  thr 0.7583  acc 0.7242  offset-recall 0.0703
ep  5  loss 0.1523  auc 0.9450  tpr@0.500% 0.2489  thr 0.7239  acc 0.7463  offset-recall 0.0985
ep  6  loss 0.1414  auc 0.9538  tpr@0.500% 0.3084  thr 0.8117  acc 0.7662  offset-recall 0.1417
ep  7  loss 0.1336  auc 0.9614  tpr@0.500% 0.3553  thr 0.6546  acc 0.7818  offset-recall 0.1895
ep  8  loss 0.1257  auc 0.9662  tpr@0.500% 0.4188  thr 0.7035  acc 0.8030  offset-recall 0.2010
ep  9  loss 0.1212  auc 0.9656  tpr@0.500% 0.4358  thr 0.7688  acc 0.8086  offset-recall 0.2274
ep 10  loss 0.1139  auc 0.9713  tpr@0.500% 0.4996  thr 0.7563  acc 0.8299  offset-recall 0.2418
ep 11  loss 0.1093  auc 0.9721  tpr@0.500% 0.4876  thr 0.6892  acc 0.8259  offset-recall 0.2309
ep 12  loss 0.1049  auc 0.9751  tpr@0.500% 0.5312  thr 0.8507  acc 0.8404  offset-recall 0.2865
ep 13  loss 0.0999  auc 0.9773  tpr@0.500% 0.5701  thr 0.7917  acc 0.8534  offset-recall 0.2908
ep 14  loss 0.0968  auc 0.9800  tpr@0.500% 0.5897  thr 0.7743  acc 0.8599  offset-recall 0.3003
ep 15  loss 0.0935  auc 0.9820  tpr@0.500% 0.6127  thr 0.8376  acc 0.8676  offset-recall 0.3056
ep 16  loss 0.0891  auc 0.9809  tpr@0.500% 0.5874  thr 0.7925  acc 0.8592  offset-recall 0.2858
ep 17  loss 0.0865  auc 0.9827  tpr@0.500% 0.6310  thr 0.7850  acc 0.8737  offset-recall 0.3292
ep 18  loss 0.0838  auc 0.9844  tpr@0.500% 0.6581  thr 0.8148  acc 0.8827  offset-recall 0.3205
ep 19  loss 0.0799  auc 0.9863  tpr@0.500% 0.6815  thr 0.8441  acc 0.8905  offset-recall 0.3613
ep 20  loss 0.0781  auc 0.9865  tpr@0.500% 0.6875  thr 0.7482  acc 0.8925  offset-recall 0.3455
ep 21  loss 0.0764  auc 0.9868  tpr@0.500% 0.6950  thr 0.8311  acc 0.8950  offset-recall 0.3329
ep 22  loss 0.0726  auc 0.9879  tpr@0.500% 0.7225  thr 0.7070  acc 0.9042  offset-recall 0.3839
ep 23  loss 0.0707  auc 0.9871  tpr@0.500% 0.7102  thr 0.7676  acc 0.9001  offset-recall 0.3783
ep 24  loss 0.0686  auc 0.9887  tpr@0.500% 0.7227  thr 0.7928  acc 0.9042  offset-recall 0.3882
ep 25  loss 0.0663  auc 0.9892  tpr@0.500% 0.7495  thr 0.7410  acc 0.9132  offset-recall 0.4004
ep 26  loss 0.0654  auc 0.9897  tpr@0.500% 0.7593  thr 0.7713  acc 0.9165  offset-recall 0.4340
ep 27  loss 0.0630  auc 0.9895  tpr@0.500% 0.7523  thr 0.8092  acc 0.9141  offset-recall 0.4275
ep 28  loss 0.0616  auc 0.9901  tpr@0.500% 0.7598  thr 0.8128  acc 0.9166  offset-recall 0.4466
ep 29  loss 0.0593  auc 0.9905  tpr@0.500% 0.7796  thr 0.8203  acc 0.9232  offset-recall 0.4353
ep 30  loss 0.0578  auc 0.9906  tpr@0.500% 0.7682  thr 0.7838  acc 0.9194  offset-recall 0.4191
ep 31  loss 0.0569  auc 0.9907  tpr@0.500% 0.7753  thr 0.8079  acc 0.9218  offset-recall 0.4410
ep 32  loss 0.0548  auc 0.9907  tpr@0.500% 0.7646  thr 0.8084  acc 0.9182  offset-recall 0.4334
ep 33  loss 0.0552  auc 0.9909  tpr@0.500% 0.7692  thr 0.7953  acc 0.9197  offset-recall 0.4332
ep 34  loss 0.0533  auc 0.9911  tpr@0.500% 0.7815  thr 0.8063  acc 0.9238  offset-recall 0.4494
ep 35  loss 0.0527  auc 0.9912  tpr@0.500% 0.7817  thr 0.8013  acc 0.9239  offset-recall 0.4477
ep 36  loss 0.0521  auc 0.9913  tpr@0.500% 0.7836  thr 0.8084  acc 0.9245  offset-recall 0.4473
ep 37  loss 0.0515  auc 0.9911  tpr@0.500% 0.7771  thr 0.8188  acc 0.9224  offset-recall 0.4486
ep 38  loss 0.0516  auc 0.9912  tpr@0.500% 0.7811  thr 0.8188  acc 0.9237  offset-recall 0.4457
ep 39  loss 0.0512  auc 0.9912  tpr@0.500% 0.7807  thr 0.8194  acc 0.9236  offset-recall 0.4457

==============================================================================
BEST (by TPR at 0.500% FPR budget)
  epoch          36
  TPR            0.7836
  FPR            0.0050
  threshold      0.8084
  AUC            0.9913
  accuracy@thr   0.9245
  offset recall  0.4473  <- position robustness
  MAC            2237200 (0.583 ms floor)
  params         63655
  wall clock     22.5 min
  checkpoint     best_m1e_t24.pt
==============================================================================
history -> train_result.json
EXIT=0 
ALLDONE 
